[  2%] Building CXX object session_core/CMakeFiles/session_core.dir/src/adapters/backend_session.cpp.o
[  4%] Building CXX object session_core/CMakeFiles/session_core.dir/src/adapters/physical_object_merge.cpp.o
[  6%] Building CXX object session_core/CMakeFiles/session_core.dir/src/state/persistent_object_state.cpp.o
/home/jixian/Desktop/FT/session_update_baseline_project/session_update_baseline/session_core/src/state/persistent_object_state.cpp: In member function ‘void khronos::PersistentObjectState::setHighMobilitySemanticLabels(const std::vector<int>&)’:
/home/jixian/Desktop/FT/session_update_baseline_project/session_update_baseline/session_core/src/state/persistent_object_state.cpp:44:29: warning: unused parameter ‘labels’ [-Wunused-parameter]
   44 |     const std::vector<int>& labels) {
      |     ~~~~~~~~~~~~~~~~~~~~~~~~^~~~~~
/home/jixian/Desktop/FT/session_update_baseline_project/session_update_baseline/session_core/src/state/persistent_object_state.cpp: In member function ‘void khronos::PersistentObjectState::applyPhysicalGeometry(const spark_dsg::DynamicSceneGraph&, const std::vector<long unsigned int>&, spark_dsg::KhronosObjectAttributes&)’:
/home/jixian/Desktop/FT/session_update_baseline_project/session_update_baseline/session_core/src/state/persistent_object_state.cpp:49:76: warning: unused parameter ‘graph’ [-Wunused-parameter]
   49 | void PersistentObjectState::applyPhysicalGeometry(const DynamicSceneGraph& graph,
      |                                                   ~~~~~~~~~~~~~~~~~~~~~~~~~^~~~~
/home/jixian/Desktop/FT/session_update_baseline_project/session_update_baseline/session_core/src/state/persistent_object_state.cpp:50:78: warning: unused parameter ‘nodes’ [-Wunused-parameter]
   50 |                                                   const std::vector<NodeId>& nodes,
      |                                                   ~~~~~~~~~~~~~~~~~~~~~~~~~~~^~~~~
/home/jixian/Desktop/FT/session_update_baseline_project/session_update_baseline/session_core/src/state/persistent_object_state.cpp:51:76: warning: unused parameter ‘merged’ [-Wunused-parameter]
   51 |                                                   KhronosObjectAttributes& merged) {
      |                                                   ~~~~~~~~~~~~~~~~~~~~~~~~~^~~~~~
/home/jixian/Desktop/FT/session_update_baseline_project/session_update_baseline/session_core/src/state/persistent_object_state.cpp: In member function ‘bool khronos::PersistentObjectState::reportCurrentContradicted(size_t, hydra::TimeStamp)’:
/home/jixian/Desktop/FT/session_update_baseline_project/session_update_baseline/session_core/src/state/persistent_object_state.cpp:56:68: warning: unused parameter ‘physical_instance_id’ [-Wunused-parameter]
   56 | bool PersistentObjectState::reportCurrentContradicted(const size_t physical_instance_id,
      |                                                       ~~~~~~~~~~~~~^~~~~~~~~~~~~~~~~~~~
/home/jixian/Desktop/FT/session_update_baseline_project/session_update_baseline/session_core/src/state/persistent_object_state.cpp:57:71: warning: unused parameter ‘stamp’ [-Wunused-parameter]
   57 |                                                       const TimeStamp stamp) {
      |                                                       ~~~~~~~~~~~~~~~~^~~~~
/home/jixian/Desktop/FT/session_update_baseline_project/session_update_baseline/session_core/src/state/persistent_object_state.cpp: In member function ‘bool khronos::PersistentObjectState::reportCurrentSupported(size_t, hydra::TimeStamp)’:
/home/jixian/Desktop/FT/session_update_baseline_project/session_update_baseline/session_core/src/state/persistent_object_state.cpp:62:65: warning: unused parameter ‘physical_instance_id’ [-Wunused-parameter]
   62 | bool PersistentObjectState::reportCurrentSupported(const size_t physical_instance_id,
      |                                                    ~~~~~~~~~~~~~^~~~~~~~~~~~~~~~~~~~
/home/jixian/Desktop/FT/session_update_baseline_project/session_update_baseline/session_core/src/state/persistent_object_state.cpp:63:68: warning: unused parameter ‘stamp’ [-Wunused-parameter]
   63 |                                                    const TimeStamp stamp) {
      |                                                    ~~~~~~~~~~~~~~~~^~~~~
/home/jixian/Desktop/FT/session_update_baseline_project/session_update_baseline/session_core/src/state/persistent_object_state.cpp: In member function ‘size_t khronos::PersistentObjectState::finalizePendingAbsences(hydra::TimeStamp)’:
/home/jixian/Desktop/FT/session_update_baseline_project/session_update_baseline/session_core/src/state/persistent_object_state.cpp:68:71: warning: unused parameter ‘stamp’ [-Wunused-parameter]
   68 | size_t PersistentObjectState::finalizePendingAbsences(const TimeStamp stamp) {
      |                                                       ~~~~~~~~~~~~~~~~^~~~~
/home/jixian/Desktop/FT/session_update_baseline_project/session_update_baseline/session_core/src/state/persistent_object_state.cpp: In member function ‘bool khronos::PersistentObjectState::resolveCurrentEvidence(size_t, const SurfaceEvidence&, const SurfaceEvidence&, hydra::TimeStamp)’:
/home/jixian/Desktop/FT/session_update_baseline_project/session_update_baseline/session_core/src/state/persistent_object_state.cpp:74:18: warning: unused parameter ‘physical_instance_id’ [-Wunused-parameter]
   74 |     const size_t physical_instance_id,
      |     ~~~~~~~~~~~~~^~~~~~~~~~~~~~~~~~~~
/home/jixian/Desktop/FT/session_update_baseline_project/session_update_baseline/session_core/src/state/persistent_object_state.cpp:75:28: warning: unused parameter ‘inherited_evidence’ [-Wunused-parameter]
   75 |     const SurfaceEvidence& inherited_evidence,
      |     ~~~~~~~~~~~~~~~~~~~~~~~^~~~~~~~~~~~~~~~~~
/home/jixian/Desktop/FT/session_update_baseline_project/session_update_baseline/session_core/src/state/persistent_object_state.cpp:76:28: warning: unused parameter ‘session_evidence’ [-Wunused-parameter]
   76 |     const SurfaceEvidence& session_evidence,
      |     ~~~~~~~~~~~~~~~~~~~~~~~^~~~~~~~~~~~~~~~
/home/jixian/Desktop/FT/session_update_baseline_project/session_update_baseline/session_core/src/state/persistent_object_state.cpp:77:21: warning: unused parameter ‘stamp’ [-Wunused-parameter]
   77 |     const TimeStamp stamp) {
      |     ~~~~~~~~~~~~~~~~^~~~~
/home/jixian/Desktop/FT/session_update_baseline_project/session_update_baseline/session_core/src/state/persistent_object_state.cpp: In member function ‘void khronos::PersistentObjectState::setMapResolution(float)’:
/home/jixian/Desktop/FT/session_update_baseline_project/session_update_baseline/session_core/src/state/persistent_object_state.cpp:82:58: warning: unused parameter ‘resolution’ [-Wunused-parameter]
   82 | void PersistentObjectState::setMapResolution(const float resolution) {
      |                                              ~~~~~~~~~~~~^~~~~~~~~~
/home/jixian/Desktop/FT/session_update_baseline_project/session_update_baseline/session_core/src/state/persistent_object_state.cpp: In member function ‘void khronos::PersistentObjectState::initializeFromObjects(const spark_dsg::DynamicSceneGraph&)’:
/home/jixian/Desktop/FT/session_update_baseline_project/session_update_baseline/session_core/src/state/persistent_object_state.cpp:87:76: warning: unused parameter ‘dsg’ [-Wunused-parameter]
   87 | void PersistentObjectState::initializeFromObjects(const DynamicSceneGraph& dsg) {
      |                                                   ~~~~~~~~~~~~~~~~~~~~~~~~~^~~
/home/jixian/Desktop/FT/session_update_baseline_project/session_update_baseline/session_core/src/state/persistent_object_state.cpp: In member function ‘bool khronos::PersistentObjectState::hasState(size_t) const’:
/home/jixian/Desktop/FT/session_update_baseline_project/session_update_baseline/session_core/src/state/persistent_object_state.cpp:102:51: warning: unused parameter ‘physical_instance_id’ [-Wunused-parameter]
  102 | bool PersistentObjectState::hasState(const size_t physical_instance_id) const {
      |                                      ~~~~~~~~~~~~~^~~~~~~~~~~~~~~~~~~~
/home/jixian/Desktop/FT/session_update_baseline_project/session_update_baseline/session_core/src/state/persistent_object_state.cpp: In member function ‘std::optional<khronos::PersistentObjectState::FragmentView> khronos::PersistentObjectState::currentFragment(size_t) const’:
/home/jixian/Desktop/FT/session_update_baseline_project/session_update_baseline/session_core/src/state/persistent_object_state.cpp:113:18: warning: unused parameter ‘physical_instance_id’ [-Wunused-parameter]
  113 |     const size_t physical_instance_id) const {
      |     ~~~~~~~~~~~~~^~~~~~~~~~~~~~~~~~~~
/home/jixian/Desktop/FT/session_update_baseline_project/session_update_baseline/session_core/src/state/persistent_object_state.cpp: In member function ‘std::optional<khronos::PersistentObjectState::FragmentView> khronos::PersistentObjectState::sessionCurrentFragment(size_t) const’:
/home/jixian/Desktop/FT/session_update_baseline_project/session_update_baseline/session_core/src/state/persistent_object_state.cpp:120:18: warning: unused parameter ‘physical_instance_id’ [-Wunused-parameter]
  120 |     const size_t physical_instance_id) const {
      |     ~~~~~~~~~~~~~^~~~~~~~~~~~~~~~~~~~
/home/jixian/Desktop/FT/session_update_baseline_project/session_update_baseline/session_core/src/state/persistent_object_state.cpp: In member function ‘std::vector<khronos::PersistentObjectState::FragmentView> khronos::PersistentObjectState::historyFragments(size_t) const’:
/home/jixian/Desktop/FT/session_update_baseline_project/session_update_baseline/session_core/src/state/persistent_object_state.cpp:126:18: warning: unused parameter ‘physical_instance_id’ [-Wunused-parameter]
  126 |     const size_t physical_instance_id) const {
      |     ~~~~~~~~~~~~~^~~~~~~~~~~~~~~~~~~~
/home/jixian/Desktop/FT/session_update_baseline_project/session_update_baseline/session_core/src/state/persistent_object_state.cpp: In member function ‘std::optional<khronos::PersistentObjectState::FragmentView> khronos::PersistentObjectState::observedNew(size_t) const’:
/home/jixian/Desktop/FT/session_update_baseline_project/session_update_baseline/session_core/src/state/persistent_object_state.cpp:132:18: warning: unused parameter ‘physical_instance_id’ [-Wunused-parameter]
  132 |     const size_t physical_instance_id) const {
      |     ~~~~~~~~~~~~~^~~~~~~~~~~~~~~~~~~~
/home/jixian/Desktop/FT/session_update_baseline_project/session_update_baseline/session_core/src/state/persistent_object_state.cpp: In member function ‘std::vector<khronos::PersistentObjectState::FragmentView> khronos::PersistentObjectState::unresolvedCandidates(size_t) const’:
/home/jixian/Desktop/FT/session_update_baseline_project/session_update_baseline/session_core/src/state/persistent_object_state.cpp:139:18: warning: unused parameter ‘physical_instance_id’ [-Wunused-parameter]
  139 |     const size_t physical_instance_id) const {
      |     ~~~~~~~~~~~~~^~~~~~~~~~~~~~~~~~~~
[  9%] Building CXX object session_core/CMakeFiles/session_core.dir/src/surface/closed_object_background.cpp.o
[ 11%] Building CXX object session_core/CMakeFiles/session_core.dir/src/surface/frame_archive.cpp.o
/home/jixian/Desktop/FT/session_update_baseline_project/session_update_baseline/session_core/src/surface/closed_object_background.cpp: In function ‘size_t khronos::markClosedObjectBackground(const spark_dsg::Mesh&, const PersistentObjectState&, const RayVerificator&, const RayChangeDetector&, float, hydra::TimeStamp, BackgroundChanges&)’:
/home/jixian/Desktop/FT/session_update_baseline_project/session_update_baseline/session_core/src/surface/closed_object_background.cpp:7:28: warning: unused parameter ‘background’ [-Wunused-parameter]
    7 |     const spark_dsg::Mesh& background,
      |     ~~~~~~~~~~~~~~~~~~~~~~~^~~~~~~~~~
/home/jixian/Desktop/FT/session_update_baseline_project/session_update_baseline/session_core/src/surface/closed_object_background.cpp:8:34: warning: unused parameter ‘objects’ [-Wunused-parameter]
    8 |     const PersistentObjectState& objects,
      |     ~~~~~~~~~~~~~~~~~~~~~~~~~~~~~^~~~~~~
/home/jixian/Desktop/FT/session_update_baseline_project/session_update_baseline/session_core/src/surface/closed_object_background.cpp:9:27: warning: unused parameter ‘verificator’ [-Wunused-parameter]
    9 |     const RayVerificator& verificator,
      |     ~~~~~~~~~~~~~~~~~~~~~~^~~~~~~~~~~
/home/jixian/Desktop/FT/session_update_baseline_project/session_update_baseline/session_core/src/surface/closed_object_background.cpp:10:30: warning: unused parameter ‘change_detector’ [-Wunused-parameter]
   10 |     const RayChangeDetector& change_detector,
      |     ~~~~~~~~~~~~~~~~~~~~~~~~~^~~~~~~~~~~~~~~
/home/jixian/Desktop/FT/session_update_baseline_project/session_update_baseline/session_core/src/surface/closed_object_background.cpp:11:17: warning: unused parameter ‘map_resolution’ [-Wunused-parameter]
   11 |     const float map_resolution,
      |     ~~~~~~~~~~~~^~~~~~~~~~~~~~
/home/jixian/Desktop/FT/session_update_baseline_project/session_update_baseline/session_core/src/surface/closed_object_background.cpp:12:21: warning: unused parameter ‘latest’ [-Wunused-parameter]
   12 |     const TimeStamp latest,
      |     ~~~~~~~~~~~~~~~~^~~~~~
/home/jixian/Desktop/FT/session_update_baseline_project/session_update_baseline/session_core/src/surface/closed_object_background.cpp:13:24: warning: unused parameter ‘changes’ [-Wunused-parameter]
   13 |     BackgroundChanges& changes) {
      |     ~~~~~~~~~~~~~~~~~~~^~~~~~~
[ 13%] Building CXX object session_core/CMakeFiles/session_core.dir/src/surface/present_tsdf.cpp.o
[ 16%] Building CXX object session_core/CMakeFiles/session_core.dir/src/surface/session_refusion.cpp.o
[ 18%] Building CXX object session_core/CMakeFiles/session_core.dir/src/surface/triangle_grid.cpp.o
/home/jixian/Desktop/FT/session_update_baseline_project/session_update_baseline/session_core/src/surface/session_refusion.cpp: In member function ‘khronos::SessionRefusion::Result khronos::SessionRefusion::apply(spark_dsg::DynamicSceneGraph&, const Inputs&) const’:
/home/jixian/Desktop/FT/session_update_baseline_project/session_update_baseline/session_core/src/surface/session_refusion.cpp:6:67: warning: unused parameter ‘dsg’ [-Wunused-parameter]
    6 | SessionRefusion::Result SessionRefusion::apply(DynamicSceneGraph& dsg, const Inputs& in) const {
      |                                                ~~~~~~~~~~~~~~~~~~~^~~
/home/jixian/Desktop/FT/session_update_baseline_project/session_update_baseline/session_core/src/surface/session_refusion.cpp:6:86: warning: unused parameter ‘in’ [-Wunused-parameter]
    6 | SessionRefusion::Result SessionRefusion::apply(DynamicSceneGraph& dsg, const Inputs& in) const {
      |                                                                        ~~~~~~~~~~~~~~^~
[ 20%] Building CXX object session_core/CMakeFiles/session_core.dir/src/evidence/physical_evidence_store.cpp.o
[ 23%] Building CXX object session_core/CMakeFiles/session_core.dir/src/evidence/projected_physical_evidence.cpp.o
/home/jixian/Desktop/FT/session_update_baseline_project/session_update_baseline/session_core/src/evidence/projected_physical_evidence.cpp: In function ‘bool khronos::saveAbsenceSensorStatistics(const std::string&)’:
/home/jixian/Desktop/FT/session_update_baseline_project/session_update_baseline/session_core/src/evidence/projected_physical_evidence.cpp:6:53: warning: unused parameter ‘path’ [-Wunused-parameter]
    6 | bool saveAbsenceSensorStatistics(const std::string& path) {
      |                                  ~~~~~~~~~~~~~~~~~~~^~~~
/home/jixian/Desktop/FT/session_update_baseline_project/session_update_baseline/session_core/src/evidence/projected_physical_evidence.cpp: In function ‘bool khronos::loadAbsenceSensorStatistics(const std::string&)’:
/home/jixian/Desktop/FT/session_update_baseline_project/session_update_baseline/session_core/src/evidence/projected_physical_evidence.cpp:11:53: warning: unused parameter ‘path’ [-Wunused-parameter]
   11 | bool loadAbsenceSensorStatistics(const std::string& path) {
      |                                  ~~~~~~~~~~~~~~~~~~~^~~~
/home/jixian/Desktop/FT/session_update_baseline_project/session_update_baseline/session_core/src/evidence/projected_physical_evidence.cpp: In member function ‘khronos::RayVerificator::CheckResult khronos::RayVerificator::checkProjectedPhysical(const spatial_hash::Point&, size_t, const PhysicalEvidenceSnapshot&, uint64_t, uint64_t) const’:
/home/jixian/Desktop/FT/session_update_baseline_project/session_update_baseline/session_core/src/evidence/projected_physical_evidence.cpp:17:18: warning: unused parameter ‘point’ [-Wunused-parameter]
   17 |     const Point& point, const size_t physical_id,
      |     ~~~~~~~~~~~~~^~~~~
/home/jixian/Desktop/FT/session_update_baseline_project/session_update_baseline/session_core/src/evidence/projected_physical_evidence.cpp:17:38: warning: unused parameter ‘physical_id’ [-Wunused-parameter]
   17 |     const Point& point, const size_t physical_id,
      |                         ~~~~~~~~~~~~~^~~~~~~~~~~
/home/jixian/Desktop/FT/session_update_baseline_project/session_update_baseline/session_core/src/evidence/projected_physical_evidence.cpp:18:37: warning: unused parameter ‘evidence_snapshot’ [-Wunused-parameter]
   18 |     const PhysicalEvidenceSnapshot& evidence_snapshot,
      |     ~~~~~~~~~~~~~~~~~~~~~~~~~~~~~~~~^~~~~~~~~~~~~~~~~
/home/jixian/Desktop/FT/session_update_baseline_project/session_update_baseline/session_core/src/evidence/projected_physical_evidence.cpp:19:20: warning: unused parameter ‘earliest’ [-Wunused-parameter]
   19 |     const uint64_t earliest, const uint64_t latest) const {
      |     ~~~~~~~~~~~~~~~^~~~~~~~
/home/jixian/Desktop/FT/session_update_baseline_project/session_update_baseline/session_core/src/evidence/projected_physical_evidence.cpp:19:45: warning: unused parameter ‘latest’ [-Wunused-parameter]
   19 |     const uint64_t earliest, const uint64_t latest) const {
      |                              ~~~~~~~~~~~~~~~^~~~~~
/home/jixian/Desktop/FT/session_update_baseline_project/session_update_baseline/session_core/src/evidence/projected_physical_evidence.cpp: In member function ‘khronos::RayVerificator::SurfaceEvidenceCounts khronos::RayVerificator::countProjectedPhysicalSurface(size_t, const spark_dsg::Mesh&, const spark_dsg::BoundingBox&, const PhysicalEvidenceSnapshot&, float, uint64_t, uint64_t) const’:
/home/jixian/Desktop/FT/session_update_baseline_project/session_update_baseline/session_core/src/evidence/projected_physical_evidence.cpp:25:18: warning: unused parameter ‘physical_id’ [-Wunused-parameter]
   25 |     const size_t physical_id, const spark_dsg::Mesh& mesh, const BoundingBox& bbox,
      |     ~~~~~~~~~~~~~^~~~~~~~~~~
/home/jixian/Desktop/FT/session_update_baseline_project/session_update_baseline/session_core/src/evidence/projected_physical_evidence.cpp:25:54: warning: unused parameter ‘mesh’ [-Wunused-parameter]
   25 |     const size_t physical_id, const spark_dsg::Mesh& mesh, const BoundingBox& bbox,
      |                               ~~~~~~~~~~~~~~~~~~~~~~~^~~~
/home/jixian/Desktop/FT/session_update_baseline_project/session_update_baseline/session_core/src/evidence/projected_physical_evidence.cpp:25:79: warning: unused parameter ‘bbox’ [-Wunused-parameter]
   25 |     const size_t physical_id, const spark_dsg::Mesh& mesh, const BoundingBox& bbox,
      |                                                            ~~~~~~~~~~~~~~~~~~~^~~~
/home/jixian/Desktop/FT/session_update_baseline_project/session_update_baseline/session_core/src/evidence/projected_physical_evidence.cpp:26:37: warning: unused parameter ‘evidence_snapshot’ [-Wunused-parameter]
   26 |     const PhysicalEvidenceSnapshot& evidence_snapshot, const float map_resolution,
      |     ~~~~~~~~~~~~~~~~~~~~~~~~~~~~~~~~^~~~~~~~~~~~~~~~~
/home/jixian/Desktop/FT/session_update_baseline_project/session_update_baseline/session_core/src/evidence/projected_physical_evidence.cpp:26:68: warning: unused parameter ‘map_resolution’ [-Wunused-parameter]
   26 |     const PhysicalEvidenceSnapshot& evidence_snapshot, const float map_resolution,
      |                                                        ~~~~~~~~~~~~^~~~~~~~~~~~~~
/home/jixian/Desktop/FT/session_update_baseline_project/session_update_baseline/session_core/src/evidence/projected_physical_evidence.cpp:27:20: warning: unused parameter ‘earliest’ [-Wunused-parameter]
   27 |     const uint64_t earliest, const uint64_t latest) const {
      |     ~~~~~~~~~~~~~~~^~~~~~~~
/home/jixian/Desktop/FT/session_update_baseline_project/session_update_baseline/session_core/src/evidence/projected_physical_evidence.cpp:27:45: warning: unused parameter ‘latest’ [-Wunused-parameter]
   27 |     const uint64_t earliest, const uint64_t latest) const {
      |                              ~~~~~~~~~~~~~~~^~~~~~
/home/jixian/Desktop/FT/session_update_baseline_project/session_update_baseline/session_core/src/evidence/projected_physical_evidence.cpp: In member function ‘void khronos::RayVerificator::applyObservedAbsence(size_t, const spark_dsg::Mesh&, const spark_dsg::BoundingBox&, const PhysicalEvidenceSnapshot&, uint64_t, uint64_t, SurfaceEvidenceCounts&, int, uint64_t) const’:
/home/jixian/Desktop/FT/session_update_baseline_project/session_update_baseline/session_core/src/evidence/projected_physical_evidence.cpp:33:18: warning: unused parameter ‘physical_id’ [-Wunused-parameter]
   33 |     const size_t physical_id, const spark_dsg::Mesh& mesh, const BoundingBox& bbox,
      |     ~~~~~~~~~~~~~^~~~~~~~~~~
/home/jixian/Desktop/FT/session_update_baseline_project/session_update_baseline/session_core/src/evidence/projected_physical_evidence.cpp:33:54: warning: unused parameter ‘mesh’ [-Wunused-parameter]
   33 |     const size_t physical_id, const spark_dsg::Mesh& mesh, const BoundingBox& bbox,
      |                               ~~~~~~~~~~~~~~~~~~~~~~~^~~~
/home/jixian/Desktop/FT/session_update_baseline_project/session_update_baseline/session_core/src/evidence/projected_physical_evidence.cpp:33:79: warning: unused parameter ‘bbox’ [-Wunused-parameter]
   33 |     const size_t physical_id, const spark_dsg::Mesh& mesh, const BoundingBox& bbox,
      |                                                            ~~~~~~~~~~~~~~~~~~~^~~~
/home/jixian/Desktop/FT/session_update_baseline_project/session_update_baseline/session_core/src/evidence/projected_physical_evidence.cpp:34:37: warning: unused parameter ‘evidence_snapshot’ [-Wunused-parameter]
   34 |     const PhysicalEvidenceSnapshot& evidence_snapshot, const uint64_t earliest,
      |     ~~~~~~~~~~~~~~~~~~~~~~~~~~~~~~~~^~~~~~~~~~~~~~~~~
/home/jixian/Desktop/FT/session_update_baseline_project/session_update_baseline/session_core/src/evidence/projected_physical_evidence.cpp:34:71: warning: unused parameter ‘earliest’ [-Wunused-parameter]
   34 |     const PhysicalEvidenceSnapshot& evidence_snapshot, const uint64_t earliest,
      |                                                        ~~~~~~~~~~~~~~~^~~~~~~~
/home/jixian/Desktop/FT/session_update_baseline_project/session_update_baseline/session_core/src/evidence/projected_physical_evidence.cpp:35:20: warning: unused parameter ‘latest’ [-Wunused-parameter]
   35 |     const uint64_t latest, SurfaceEvidenceCounts& counts, const int state_slot,
      |     ~~~~~~~~~~~~~~~^~~~~~
/home/jixian/Desktop/FT/session_update_baseline_project/session_update_baseline/session_core/src/evidence/projected_physical_evidence.cpp:35:51: warning: unused parameter ‘counts’ [-Wunused-parameter]
   35 |     const uint64_t latest, SurfaceEvidenceCounts& counts, const int state_slot,
      |                            ~~~~~~~~~~~~~~~~~~~~~~~^~~~~~
/home/jixian/Desktop/FT/session_update_baseline_project/session_update_baseline/session_core/src/evidence/projected_physical_evidence.cpp:35:69: warning: unused parameter ‘state_slot’ [-Wunused-parameter]
   35 |     const uint64_t latest, SurfaceEvidenceCounts& counts, const int state_slot,
      |                                                           ~~~~~~~~~~^~~~~~~~~~
/home/jixian/Desktop/FT/session_update_baseline_project/session_update_baseline/session_core/src/evidence/projected_physical_evidence.cpp:36:20: warning: unused parameter ‘state_birth’ [-Wunused-parameter]
   36 |     const uint64_t state_birth) const {
      |     ~~~~~~~~~~~~~~~^~~~~~~~~~~
/home/jixian/Desktop/FT/session_update_baseline_project/session_update_baseline/session_core/src/evidence/projected_physical_evidence.cpp: In member function ‘khronos::RayVerificator::SurfaceEvidenceCounts khronos::RayVerificator::countCurrentPhysicalSurface(size_t, const spark_dsg::Mesh&, const spark_dsg::BoundingBox&, const PhysicalEvidenceSnapshot&, float, uint64_t, uint64_t, bool*, int, uint64_t) const’:
/home/jixian/Desktop/FT/session_update_baseline_project/session_update_baseline/session_core/src/evidence/projected_physical_evidence.cpp:42:12: warning: unused parameter ‘physical_id’ [-Wunused-parameter]
   42 |     size_t physical_id, const spark_dsg::Mesh& mesh, const BoundingBox& bbox,
      |     ~~~~~~~^~~~~~~~~~~
/home/jixian/Desktop/FT/session_update_baseline_project/session_update_baseline/session_core/src/evidence/projected_physical_evidence.cpp:42:48: warning: unused parameter ‘mesh’ [-Wunused-parameter]
   42 |     size_t physical_id, const spark_dsg::Mesh& mesh, const BoundingBox& bbox,
      |                         ~~~~~~~~~~~~~~~~~~~~~~~^~~~
/home/jixian/Desktop/FT/session_update_baseline_project/session_update_baseline/session_core/src/evidence/projected_physical_evidence.cpp:42:73: warning: unused parameter ‘bbox’ [-Wunused-parameter]
   42 |     size_t physical_id, const spark_dsg::Mesh& mesh, const BoundingBox& bbox,
      |                                                      ~~~~~~~~~~~~~~~~~~~^~~~
/home/jixian/Desktop/FT/session_update_baseline_project/session_update_baseline/session_core/src/evidence/projected_physical_evidence.cpp:43:37: warning: unused parameter ‘snapshot’ [-Wunused-parameter]
   43 |     const PhysicalEvidenceSnapshot& snapshot, float map_resolution,
      |     ~~~~~~~~~~~~~~~~~~~~~~~~~~~~~~~~^~~~~~~~
/home/jixian/Desktop/FT/session_update_baseline_project/session_update_baseline/session_core/src/evidence/projected_physical_evidence.cpp:43:53: warning: unused parameter ‘map_resolution’ [-Wunused-parameter]
   43 |     const PhysicalEvidenceSnapshot& snapshot, float map_resolution,
      |                                               ~~~~~~^~~~~~~~~~~~~~
/home/jixian/Desktop/FT/session_update_baseline_project/session_update_baseline/session_core/src/evidence/projected_physical_evidence.cpp:44:14: warning: unused parameter ‘last_support’ [-Wunused-parameter]
   44 |     uint64_t last_support, uint64_t latest, bool* projected, const int state_slot,
      |     ~~~~~~~~~^~~~~~~~~~~~
/home/jixian/Desktop/FT/session_update_baseline_project/session_update_baseline/session_core/src/evidence/projected_physical_evidence.cpp:44:37: warning: unused parameter ‘latest’ [-Wunused-parameter]
   44 |     uint64_t last_support, uint64_t latest, bool* projected, const int state_slot,
      |                            ~~~~~~~~~^~~~~~
/home/jixian/Desktop/FT/session_update_baseline_project/session_update_baseline/session_core/src/evidence/projected_physical_evidence.cpp:44:51: warning: unused parameter ‘projected’ [-Wunused-parameter]
   44 |     uint64_t last_support, uint64_t latest, bool* projected, const int state_slot,
      |                                             ~~~~~~^~~~~~~~~
/home/jixian/Desktop/FT/session_update_baseline_project/session_update_baseline/session_core/src/evidence/projected_physical_evidence.cpp:44:72: warning: unused parameter ‘state_slot’ [-Wunused-parameter]
   44 |     uint64_t last_support, uint64_t latest, bool* projected, const int state_slot,
      |                                                              ~~~~~~~~~~^~~~~~~~~~
/home/jixian/Desktop/FT/session_update_baseline_project/session_update_baseline/session_core/src/evidence/projected_physical_evidence.cpp:45:20: warning: unused parameter ‘state_birth’ [-Wunused-parameter]
   45 |     const uint64_t state_birth) const {
      |     ~~~~~~~~~~~~~~~^~~~~~~~~~~
[ 27%] Built target session_core
[ 32%] Building CXX object CMakeFiles/khronos.dir/src/active_window/data/frame_data_buffer.cpp.o
[ 32%] Building CXX object CMakeFiles/khronos.dir/src/active_window/active_window.cpp.o
[ 34%] Building CXX object CMakeFiles/khronos.dir/src/active_window/data/track.cpp.o
[ 37%] Building CXX object CMakeFiles/khronos.dir/src/active_window/integration/object_integrator.cpp.o
[ 39%] Building CXX object CMakeFiles/khronos.dir/src/active_window/integration/tracking_integrator.cpp.o
[ 41%] Building CXX object CMakeFiles/khronos.dir/src/active_window/motion_detection/free_space_motion_detector.cpp.o
[ 44%] Building CXX object CMakeFiles/khronos.dir/src/active_window/object_detection/connected_semantics.cpp.o
[ 46%] Building CXX object CMakeFiles/khronos.dir/src/active_window/object_detection/instance_forwarding.cpp.o
[ 48%] Building CXX object CMakeFiles/khronos.dir/src/active_window/object_extraction/mesh_object_extractor.cpp.o
[ 51%] Building CXX object CMakeFiles/khronos.dir/src/active_window/object_extraction/object_worker_pool.cpp.o
[ 53%] Building CXX object CMakeFiles/khronos.dir/src/active_window/tracking/external_tracker.cpp.o
[ 55%] Building CXX object CMakeFiles/khronos.dir/src/active_window/tracking/max_iou_tracker.cpp.o
[ 58%] Building CXX object CMakeFiles/khronos.dir/src/backend/backend.cpp.o
[ 60%] Building CXX object CMakeFiles/khronos.dir/src/backend/change_detection/background/ray_background_change_detector.cpp.o
[ 62%] Building CXX object CMakeFiles/khronos.dir/src/backend/change_detection/objects/ray_object_change_detector.cpp.o
[ 65%] Building CXX object CMakeFiles/khronos.dir/src/backend/change_detection/ray_change_detector.cpp.o
[ 67%] Building CXX object CMakeFiles/khronos.dir/src/backend/change_detection/ray_verificator.cpp.o
In file included from /home/jixian/Desktop/FT/session_update_baseline_project/session_update_baseline/ports/mapping_core/khronos/src/backend/change_detection/ray_verificator.cpp:38:
/home/jixian/Desktop/FT/session_update_baseline_project/session_update_baseline/ports/mapping_core/khronos/include/khronos/backend/change_detection/ray_verificator.h: In constructor ‘khronos::RayVerificator::RayVerificator(const Config&)’:
/home/jixian/Desktop/FT/session_update_baseline_project/session_update_baseline/ports/mapping_core/khronos/include/khronos/backend/change_detection/ray_verificator.h:459:16: warning: ‘khronos::RayVerificator::seed_’ will be initialized after [-Wreorder]
  459 |   unsigned int seed_;
      |                ^~~~~
/home/jixian/Desktop/FT/session_update_baseline_project/session_update_baseline/ports/mapping_core/khronos/include/khronos/backend/change_detection/ray_verificator.h:419:18: warning:   ‘const uint64_t khronos::RayVerificator::absence_owner_’ [-Wreorder]
  419 |   const uint64_t absence_owner_;
      |                  ^~~~~~~~~~~~~~
/home/jixian/Desktop/FT/session_update_baseline_project/session_update_baseline/ports/mapping_core/khronos/src/backend/change_detection/ray_verificator.cpp:85:1: warning:   when initialized here [-Wreorder]
   85 | RayVerificator::RayVerificator(const Config& config)
      | ^~~~~~~~~~~~~~
[ 69%] Building CXX object CMakeFiles/khronos.dir/src/backend/change_detection/sequential_change_detector.cpp.o
[ 72%] Building CXX object CMakeFiles/khronos.dir/src/backend/change_state.cpp.o
[ 74%] Building CXX object CMakeFiles/khronos.dir/src/backend/latest_only_worker.cpp.o
[ 76%] Building CXX object CMakeFiles/khronos.dir/src/backend/reconciliation/mesh/change_merger.cpp.o
[ 79%] Building CXX object CMakeFiles/khronos.dir/src/backend/reconciliation/mesh/mesh_merger.cpp.o
[ 81%] Building CXX object CMakeFiles/khronos.dir/src/backend/reconciliation/mesh/overwrite_mesh.cpp.o
[ 83%] Building CXX object CMakeFiles/khronos.dir/src/backend/reconciliation/reconciler.cpp.o
[ 86%] Building CXX object CMakeFiles/khronos.dir/src/backend/update_khronos_objects_functor.cpp.o
[ 88%] Building CXX object CMakeFiles/khronos.dir/src/spatio_temporal_map/spatio_temporal_map.cpp.o
[ 90%] Building CXX object CMakeFiles/khronos.dir/src/spatio_temporal_map/incremental_mesh.cpp.o
[ 93%] Building CXX object CMakeFiles/khronos.dir/src/utils/geometry_utils.cpp.o
[ 95%] Building CXX object CMakeFiles/khronos.dir/src/utils/khronos_attribute_utils.cpp.o
[ 97%] Building CXX object CMakeFiles/khronos.dir/src/utils/output_file_utils.cpp.o
[100%] Linking CXX shared library libkhronos.so
[100%] Built target khronos
[ 26%] Built target session_core
gmake[3]: Warning: File 'CMakeFiles/khronos.dir/src/utils/geometry_utils.cpp.o' has modification time 5.4 s in the future
[ 28%] Linking CXX shared library libkhronos.so
gmake[3]: warning:  Clock skew detected.  Your build may be incomplete.
[ 95%] Built target khronos
[ 97%] Building CXX object CMakeFiles/test_backend_trigger_and_sink.dir/tests/test_backend_trigger_and_sink.cpp.o
[100%] Linking CXX executable test_backend_trigger_and_sink
[100%] Built target test_backend_trigger_and_sink
[ 26%] Built target session_core
[ 28%] Linking CXX shared library libkhronos.so
[ 95%] Built target khronos
[ 97%] Building CXX object CMakeFiles/test_incremental_change_detection_oracle.dir/tests/test_incremental_change_detection_oracle.cpp.o
[100%] Linking CXX executable test_incremental_change_detection_oracle
[100%] Built target test_incremental_change_detection_oracle
[ 26%] Built target session_core
[ 95%] Built target khronos
[ 97%] Building CXX object CMakeFiles/test_frame_data_buffer.dir/tests/test_frame_data_buffer.cpp.o
[100%] Linking CXX executable test_frame_data_buffer
[100%] Built target test_frame_data_buffer
