[  1%] Building CXX object session_core/CMakeFiles/session_core.dir/src/adapters/physical_object_merge.cpp.o
[  2%] Building CXX object session_core/CMakeFiles/session_core.dir/src/adapters/backend_session.cpp.o
[  3%] Building CXX object session_core/CMakeFiles/session_core.dir/src/state/persistent_object_state.cpp.o
[  5%] Building CXX object session_core/CMakeFiles/session_core.dir/src/surface/closed_object_background.cpp.o
[  6%] Building CXX object session_core/CMakeFiles/session_core.dir/src/surface/session_refusion.cpp.o
[  7%] Building CXX object session_core/CMakeFiles/session_core.dir/src/evidence/projected_physical_evidence.cpp.o
/home/jixian/Desktop/FT/session_update_baseline_project/session_update_baseline/session_core/src/evidence/projected_physical_evidence.cpp: In member function ‘void khronos::RayVerificator::applyObservedAbsence(size_t, const spark_dsg::Mesh&, const spark_dsg::BoundingBox&, const PhysicalEvidenceSnapshot&, uint64_t, uint64_t, SurfaceEvidenceCounts&, int, uint64_t) const’:
/home/jixian/Desktop/FT/session_update_baseline_project/session_update_baseline/session_core/src/evidence/projected_physical_evidence.cpp:266:71: warning: unused parameter ‘earliest’ [-Wunused-parameter]
  266 |     const PhysicalEvidenceSnapshot& evidence_snapshot, const uint64_t earliest,
      |                                                        ~~~~~~~~~~~~~~~^~~~~~~~
/home/jixian/Desktop/FT/session_update_baseline_project/session_update_baseline/session_core/src/evidence/projected_physical_evidence.cpp: At global scope:
/home/jixian/Desktop/FT/session_update_baseline_project/session_update_baseline/session_core/src/evidence/projected_physical_evidence.cpp:130:26: warning: ‘khronos::{anonymous}::pooled_dev_sq’ defined but not used [-Wunused-variable]
  130 | double pooled_dev_n = 0, pooled_dev_sq = 0;
      |                          ^~~~~~~~~~~~~
/home/jixian/Desktop/FT/session_update_baseline_project/session_update_baseline/session_core/src/evidence/projected_physical_evidence.cpp:130:8: warning: ‘khronos::{anonymous}::pooled_dev_n’ defined but not used [-Wunused-variable]
  130 | double pooled_dev_n = 0, pooled_dev_sq = 0;
      |        ^~~~~~~~~~~~
/home/jixian/Desktop/FT/session_update_baseline_project/session_update_baseline/session_core/src/evidence/projected_physical_evidence.cpp:106:74: warning: ‘khronos::{anonymous}::pooled_label_dev_sq’ defined but not used [-Wunused-variable]
  106 | double pooled_label_n = 0, pooled_label_sum = 0, pooled_label_dev_n = 0, pooled_label_dev_sq = 0;
      |                                                                          ^~~~~~~~~~~~~~~~~~~
/home/jixian/Desktop/FT/session_update_baseline_project/session_update_baseline/session_core/src/evidence/projected_physical_evidence.cpp:106:50: warning: ‘khronos::{anonymous}::pooled_label_dev_n’ defined but not used [-Wunused-variable]
  106 | double pooled_label_n = 0, pooled_label_sum = 0, pooled_label_dev_n = 0, pooled_label_dev_sq = 0;
      |                                                  ^~~~~~~~~~~~~~~~~~
[ 15%] Built target session_core
[ 16%] Building CXX object CMakeFiles/khronos.dir/src/backend/backend.cpp.o
[ 17%] Building CXX object CMakeFiles/khronos.dir/src/backend/update_khronos_objects_functor.cpp.o
[ 18%] Linking CXX shared library libkhronos.so
[ 54%] Built target khronos
[ 55%] Building CXX object CMakeFiles/test_latest_only_worker.dir/tests/test_latest_only_worker.cpp.o
[ 56%] Linking CXX executable test_frame_data_buffer
[ 58%] Built target test_frame_data_buffer
[ 59%] Building CXX object CMakeFiles/test_object_worker_pool.dir/tests/test_object_worker_pool.cpp.o
[ 60%] Linking CXX executable test_latest_only_worker
[ 60%] Built target test_latest_only_worker
[ 62%] Building CXX object CMakeFiles/test_spatio_temporal_mesh_closure.dir/tests/test_spatio_temporal_mesh_closure.cpp.o
[ 63%] Linking CXX executable test_spatio_temporal_mesh_closure
[ 63%] Built target test_spatio_temporal_mesh_closure
[ 64%] Linking CXX executable test_object_worker_pool
[ 65%] Building CXX object CMakeFiles/test_spatio_temporal_snapshot_storage.dir/tests/test_spatio_temporal_snapshot_storage.cpp.o
[ 65%] Built target test_object_worker_pool
[ 67%] Building CXX object CMakeFiles/test_explicit_labels_and_external_tracker.dir/tests/test_explicit_labels_and_external_tracker.cpp.o
[ 68%] Linking CXX executable test_spatio_temporal_snapshot_storage
[ 68%] Built target test_spatio_temporal_snapshot_storage
[ 69%] Linking CXX executable test_incremental_change_detection_oracle
[ 70%] Built target test_incremental_change_detection_oracle
[ 72%] Building CXX object CMakeFiles/test_physical_identity_evidence.dir/tests/test_physical_identity_evidence.cpp.o
[ 73%] Linking CXX executable test_physical_identity_evidence
[ 74%] Linking CXX executable test_explicit_labels_and_external_tracker
[ 74%] Built target test_physical_identity_evidence
[ 75%] Building CXX object CMakeFiles/test_physical_low_motion_fallback.dir/tests/test_physical_low_motion_fallback.cpp.o
[ 75%] Built target test_explicit_labels_and_external_tracker
[ 77%] Building CXX object CMakeFiles/test_backend_trigger_and_sink.dir/tests/test_backend_trigger_and_sink.cpp.o
[ 78%] Linking CXX executable test_physical_low_motion_fallback
[ 78%] Built target test_physical_low_motion_fallback
[ 79%] Building CXX object CMakeFiles/test_physical_newest_segment_ownership.dir/tests/test_physical_newest_segment_ownership.cpp.o
[ 81%] Linking CXX executable test_backend_trigger_and_sink
[ 82%] Linking CXX executable test_physical_newest_segment_ownership
[ 82%] Built target test_backend_trigger_and_sink
[ 83%] Building CXX object CMakeFiles/test_static_surface_consistency.dir/tests/test_static_surface_consistency.cpp.o
[ 83%] Built target test_physical_newest_segment_ownership
[ 84%] Building CXX object CMakeFiles/test_after_motion_reconstruction_frames.dir/tests/test_after_motion_reconstruction_frames.cpp.o
[ 86%] Linking CXX executable test_after_motion_reconstruction_frames
[ 86%] Built target test_after_motion_reconstruction_frames
[ 87%] Building CXX object CMakeFiles/test_d3_seed_vertex_later_ray.dir/tests/test_d3_seed_vertex_later_ray.cpp.o
[ 88%] Linking CXX executable test_static_surface_consistency
[ 88%] Built target test_static_surface_consistency
[ 89%] Building CXX object CMakeFiles/test_persistent_object_state.dir/tests/test_persistent_object_state.cpp.o
[ 91%] Linking CXX executable test_d3_seed_vertex_later_ray
[ 91%] Built target test_d3_seed_vertex_later_ray
[ 92%] Building CXX object CMakeFiles/test_session_refusion.dir/tests/test_session_refusion.cpp.o
[ 93%] Linking CXX executable test_persistent_object_state
[ 93%] Built target test_persistent_object_state
[ 94%] Linking CXX executable test_session_refusion
[ 96%] Building CXX object CMakeFiles/refusion_replay.dir/tests/refusion_replay.cpp.o
[ 96%] Built target test_session_refusion
[ 97%] Building CXX object CMakeFiles/test_temporal_fragment_states.dir/tests/test_temporal_fragment_states.cpp.o
[ 98%] Linking CXX executable refusion_replay
[ 98%] Built target refusion_replay
[100%] Linking CXX executable test_temporal_fragment_states
[100%] Built target test_temporal_fragment_states
